../Core/Src/m95p32.c:148:9:M95P32_spi_Init	8	static
../Core/Src/m95p32.c:405:9:FAST_DRead	0	static
../Core/Src/m95p32.c:449:9:FAST_QRead	0	static
../Core/Src/m95p32.c:36:6:EEPROMEX_CTRL_HIGH	0	static
../Core/Src/m95p32.c:46:6:EEPROMEX_CTRL_LOW	0	static
../Core/Src/m95p32.c:180:9:WRITE_ENABLE	8	static
../Core/Src/m95p32.c:209:9:WRITE_DISABLE	16	static
../Core/Src/m95p32.c:243:9:Read_StatusReg	16	static
../Core/Src/m95p32.c:298:9:Single_Read	16	static
../Core/Src/m95p32.c:346:9:FAST_Read	16	static
../Core/Src/m95p32.c:1103:9:Read_ID	16	static
../Core/Src/m95p32.c:1160:9:FAST_Read_ID	16	static
../Core/Src/m95p32.c:1214:9:ReadVolatileReg	16	static
../Core/Src/m95p32.c:1421:9:ReadConfigReg	16	static
../Core/Src/m95p32.c:1520:9:ClearSafetyFlag	16	static
../Core/Src/m95p32.c:1560:9:Read_SFDP	16	static
../Core/Src/m95p32.c:1669:9:Deep_Power_Down	16	static
../Core/Src/m95p32.c:1707:9:Deep_Power_Down_Release	16	static
../Core/Src/m95p32.c:1747:9:Read_JEDEC	16	static
../Core/Src/m95p32.c:1797:9:Reset_Enable	16	static
../Core/Src/m95p32.c:1835:9:Soft_Reset	16	static
../Core/Src/m95p32.c:56:6:Transmit_Data_polling	24	static
../Core/Src/m95p32.c:492:9:Page_Write	48	static
../Core/Src/m95p32.c:646:9:Page_Prog	64	static
../Core/Src/m95p32.c:1306:9:Page_Prog_BUFF	24	static
../Core/Src/m95p32.c:937:9:Page_Erase	16	static
../Core/Src/m95p32.c:979:9:Sector_Erase	16	static
../Core/Src/m95p32.c:1021:9:Block_Erase	16	static
../Core/Src/m95p32.c:1063:9:Chip_Erase	16	static
../Core/Src/m95p32.c:1260:9:WriteVolatileRegister	16	static
../Core/Src/m95p32.c:1472:9:Write_StatusConfigReg	8	static
../Core/Src/m95p32.c:1616:9:Write_ID	8	static
../Core/Src/m95p32.c:123:9:M95P32_RegisterBusIO	0	static
../Core/Src/m95p32.c:164:9:M95P32_spi_DeInit	8	static
