../Core/Src/stm32l4xx_hal_msp.c:76:6:HAL_MspInit	8	static
../Core/Src/stm32l4xx_hal_msp.c:101:6:HAL_UART_MspInit	176	static
../Core/Src/stm32l4xx_hal_msp.c:310:6:HAL_UART_MspDeInit	8	static
../Core/Src/stm32l4xx_hal_msp.c:389:6:HAL_RTC_MspInit	112	static
../Core/Src/stm32l4xx_hal_msp.c:426:6:HAL_RTC_MspDeInit	0	static
../Core/Src/stm32l4xx_hal_msp.c:451:6:HAL_SPI_MspInit	48	static
../Core/Src/stm32l4xx_hal_msp.c:524:6:HAL_SPI_MspDeInit	8	static
../Core/Src/stm32l4xx_hal_msp.c:555:6:HAL_SAI_MspInit	144	static
../Core/Src/stm32l4xx_hal_msp.c:621:6:HAL_SAI_MspDeInit	8	static
