../Core/Src/main.c:457:6:debug	272	static
../Core/Src/main.c:485:5:main	16	static
../Core/Src/main.c:675:6:SystemClock_Config	96	static
../Core/Src/main.c:734:13:MX_LPUART1_UART_Init	8	static
../Core/Src/main.c:770:13:MX_USART1_UART_Init	8	static
../Core/Src/main.c:805:13:MX_USART3_UART_Init	8	static
../Core/Src/main.c:840:13:MX_RTC_Init	8	static
../Core/Src/main.c:894:13:MX_SAI1_Init	8	static
../Core/Src/main.c:928:13:MX_SPI1_Init	8	static
../Core/Src/main.c:966:13:MX_DMA_Init	16	static
../Core/Src/main.c:1006:13:MX_GPIO_Init	48	static
../Core/Src/main.c:1061:13:GPIO_ConfigAN	56	static
../Core/Src/main.c:1096:6:red_led	16	static
../Core/Src/main.c:1102:6:green_led	16	static
../Core/Src/main.c:1108:8:buffer_lpwa_write	16	static
../Core/Src/main.c:1134:6:HAL_GPIO_EXTI_Callback	16	static
../Core/Src/main.c:1145:6:HAL_RTC_AlarmAEventCallback	16	static
../Core/Src/main.c:1150:6:HAL_SAI_RxCpltCallback	16	static
../Core/Src/main.c:1156:6:HAL_SAI_RxHalfCpltCallback	16	static
../Core/Src/main.c:1171:6:HAL_UARTEx_RxEventCallback	24	static
../Core/Src/main.c:1236:6:HAL_UART_RxCpltCallback	16	static
../Core/Src/main.c:1287:6:HAL_SPI_TxCpltCallback	16	static
../Core/Src/main.c:1293:6:HAL_SPI_RxCpltCallback	16	static
../Core/Src/main.c:1299:8:rtc_read	64	static
../Core/Src/main.c:1319:6:restart_UART_DMA	8	static
../Core/Src/main.c:1337:8:buffer_lpwa_read	16	static
../Core/Src/main.c:1357:6:MAIN_Queue_init	24	static
../Core/Src/main.c:1364:12:MAIN_Queue_put	56	static
../Core/Src/main.c:1393:12:MAIN_Queue_get	48	static
../Core/Src/main.c:1426:12:eeprom_init_queue	8	static
../Core/Src/main.c:1448:12:eeprom_write	16	static
../Core/Src/main.c:1481:12:eeprom_read	24	static
../Core/Src/main.c:1529:6:task_data_store	496	static
../Core/Src/main.c:1561:6:task_data_rcv	24	static
../Core/Src/main.c:1619:6:task_data_send	64	static
../Core/Src/main.c:1786:8:encode_byte_stuffing	40	static
../Core/Src/main.c:1806:12:LPWA_enable	16	static
../Core/Src/main.c:1851:12:LPWA_disable	8	static
../Core/Src/main.c:1870:6:task_IoT	520	static
../Core/Src/main.c:2005:6:flush_main_buffer_to_eeprom	496	static
../Core/Src/main.c:2032:6:task_offline	24	static
../Core/Src/main.c:2092:6:task_usb	200	static
../Core/Src/main.c:2266:6:task_gnss	72	static
../Core/Src/main.c:2323:6:add_header	24	static
../Core/Src/main.c:2344:6:encode	176	static
../Core/Src/main.c:2569:6:stopSampling	8	static
../Core/Src/main.c:2580:6:startSampling	64	static
../Core/Src/main.c:2686:6:store_config_64	24	static
../Core/Src/main.c:2732:6:store_config	64	static
../Core/Src/main.c:2743:6:load_config	40	static
../Core/Src/main.c:2760:6:SystemClock_Config_LOW_IIR	96	static
../Core/Src/main.c:2818:6:SystemClock_Config_LOW	96	static
../Core/Src/main.c:2876:6:SystemClock_Config_HIGH	96	static
../Core/Src/main.c:2934:6:HAL_RTCEx_WakeUpTimerEventCallback	16	static
../Core/Src/main.c:2948:6:HAL_UART_ErrorCallback	16	static
../Core/Src/main.c:2996:6:task_main	64	static
../Core/Src/main.c:3167:6:task_signal_processing	112	static
../Core/Src/main.c:3472:6:task_georeferencing	32	static
../Core/Src/main.c:3522:6:rst_timeout_LPWA	16	static
../Core/Src/main.c:3545:6:HAL_TIM_PeriodElapsedCallback	16	static
../Core/Src/main.c:3563:6:Error_Handler	4	static,ignoring_inline_asm
