../Core/Src/SIMCOM7022.c:68:9:S7022_rx_put	24	static
../Core/Src/SIMCOM7022.c:95:9:S7022_rx_get	24	static
../Core/Src/SIMCOM7022.c:125:9:S7022_PROCESS_Rx	208	static
../Core/Src/SIMCOM7022.c:341:8:S7022_SCAN_Rx	136	static
../Core/Src/SIMCOM7022.c:410:6:S7022_Confirm_Rx	24	static
../Core/Src/SIMCOM7022.c:422:12:S7022_AT	24	static
../Core/Src/SIMCOM7022.c:448:12:S7022_CGSN	56	static
../Core/Src/SIMCOM7022.c:476:12:S7022_QCPMUCFG	24	static
../Core/Src/SIMCOM7022.c:506:12:S7022_CEREG	32	static
../Core/Src/SIMCOM7022.c:545:12:S7022_COAPSTART	24	static
../Core/Src/SIMCOM7022.c:574:12:S7022_COAPSTOP	24	static
../Core/Src/SIMCOM7022.c:620:12:S7022_COAPOPEN	72	static
../Core/Src/SIMCOM7022.c:651:12:S7022_COAPCLOSE	64	static
../Core/Src/SIMCOM7022.c:682:12:S7022_COAPHEAD	80	static
../Core/Src/SIMCOM7022.c:720:12:S7022_COAPOPTION	72	static
../Core/Src/SIMCOM7022.c:748:12:S7022_COAPSEND	296	static
../Core/Src/SIMCOM7022.c:785:12:S7022_COAPSENDTX	136	static
../Core/Src/SIMCOM7022.c:846:8:S7022_SEND_CMD_NEW	24	static
../Core/Src/SIMCOM7022.c:865:9:S7022_SEND_CMD	40	static
../Core/Src/SIMCOM7022.c:919:6:S7022_error	16	static
../Core/Src/SIMCOM7022.c:986:6:S7022_rst_ind_err	16	static
../Core/Src/SIMCOM7022.c:991:6:S7022_rst_all	8	static
../Core/Src/SIMCOM7022.c:1005:6:S7022_RST	8	static
../Core/Src/SIMCOM7022.c:1023:12:S7022_PIN	16	static
../Core/Src/SIMCOM7022.c:1034:12:S7022_CSQ	24	static
../Core/Src/SIMCOM7022.c:1046:12:S7022_CGATT	16	static
../Core/Src/SIMCOM7022.c:1061:12:S7022_COPS	128	static
../Core/Src/SIMCOM7022.c:1078:12:S7022_QCDNS	16	static
