../Core/Src/SIMCOM7022.c:68:9:S7022_rx_put	24	static
../Core/Src/SIMCOM7022.c:95:9:S7022_rx_get	24	static
../Core/Src/SIMCOM7022.c:125:9:S7022_PROCESS_Rx	208	static
../Core/Src/SIMCOM7022.c:341:8:S7022_SCAN_Rx	136	static
../Core/Src/SIMCOM7022.c:380:6:S7022_Confirm_Rx	24	static
../Core/Src/SIMCOM7022.c:392:12:S7022_AT	24	static
../Core/Src/SIMCOM7022.c:418:12:S7022_CGSN	56	static
../Core/Src/SIMCOM7022.c:446:12:S7022_QCPMUCFG	24	static
../Core/Src/SIMCOM7022.c:476:12:S7022_CEREG	32	static
../Core/Src/SIMCOM7022.c:515:12:S7022_COAPSTART	24	static
../Core/Src/SIMCOM7022.c:544:12:S7022_COAPSTOP	24	static
../Core/Src/SIMCOM7022.c:590:12:S7022_COAPOPEN	72	static
../Core/Src/SIMCOM7022.c:621:12:S7022_COAPCLOSE	64	static
../Core/Src/SIMCOM7022.c:652:12:S7022_COAPHEAD	80	static
../Core/Src/SIMCOM7022.c:690:12:S7022_COAPOPTION	72	static
../Core/Src/SIMCOM7022.c:718:12:S7022_COAPSEND	296	static
../Core/Src/SIMCOM7022.c:755:12:S7022_COAPSENDTX	136	static
../Core/Src/SIMCOM7022.c:816:8:S7022_SEND_CMD_NEW	24	static
../Core/Src/SIMCOM7022.c:835:9:S7022_SEND_CMD	40	static
../Core/Src/SIMCOM7022.c:889:6:S7022_error	16	static
../Core/Src/SIMCOM7022.c:956:6:S7022_rst_ind_err	16	static
../Core/Src/SIMCOM7022.c:961:6:S7022_rst_all	8	static
../Core/Src/SIMCOM7022.c:975:6:S7022_RST	8	static
../Core/Src/SIMCOM7022.c:993:12:S7022_PIN	16	static
../Core/Src/SIMCOM7022.c:1004:12:S7022_CSQ	24	static
../Core/Src/SIMCOM7022.c:1016:12:S7022_CGATT	16	static
../Core/Src/SIMCOM7022.c:1031:12:S7022_COPS	128	static
../Core/Src/SIMCOM7022.c:1048:12:S7022_QCDNS	16	static
