../Core/Src/SIMCOM7022.c:68:9:S7022_rx_put	24	static
../Core/Src/SIMCOM7022.c:95:9:S7022_rx_get	24	static
../Core/Src/SIMCOM7022.c:125:9:S7022_PROCESS_Rx	200	static
../Core/Src/SIMCOM7022.c:331:8:S7022_SCAN_Rx	136	static
../Core/Src/SIMCOM7022.c:400:9:S7022_Confirm_Rx	24	static
../Core/Src/SIMCOM7022.c:412:12:S7022_AT	24	static
../Core/Src/SIMCOM7022.c:438:12:S7022_CGSN	56	static
../Core/Src/SIMCOM7022.c:466:12:S7022_QCPMUCFG	24	static
../Core/Src/SIMCOM7022.c:496:12:S7022_CEREG	32	static
../Core/Src/SIMCOM7022.c:535:12:S7022_COAPSTART	24	static
../Core/Src/SIMCOM7022.c:564:12:S7022_COAPSTOP	24	static
../Core/Src/SIMCOM7022.c:610:12:S7022_COAPOPEN	72	static
../Core/Src/SIMCOM7022.c:641:12:S7022_COAPCLOSE	64	static
../Core/Src/SIMCOM7022.c:672:12:S7022_COAPHEAD	80	static
../Core/Src/SIMCOM7022.c:710:12:S7022_COAPOPTION	72	static
../Core/Src/SIMCOM7022.c:738:12:S7022_COAPSEND	296	static
../Core/Src/SIMCOM7022.c:775:12:S7022_COAPSENDTX	136	static
../Core/Src/SIMCOM7022.c:836:8:S7022_SEND_CMD_NEW	24	static
../Core/Src/SIMCOM7022.c:855:9:S7022_SEND_CMD	40	static
../Core/Src/SIMCOM7022.c:909:6:S7022_error	16	static
../Core/Src/SIMCOM7022.c:976:6:S7022_rst_ind_err	16	static
../Core/Src/SIMCOM7022.c:981:6:S7022_rst_all	8	static
../Core/Src/SIMCOM7022.c:995:6:S7022_RST	8	static
../Core/Src/SIMCOM7022.c:1013:12:S7022_PIN	16	static
../Core/Src/SIMCOM7022.c:1024:12:S7022_CSQ	24	static
../Core/Src/SIMCOM7022.c:1036:12:S7022_CGATT	16	static
../Core/Src/SIMCOM7022.c:1051:12:S7022_COPS	128	static
../Core/Src/SIMCOM7022.c:1068:12:S7022_QCDNS	16	static
