../Core/Src/stm32l4xx_it.c:85:6:NMI_Handler	4	static
../Core/Src/stm32l4xx_it.c:100:6:HardFault_Handler	4	static
../Core/Src/stm32l4xx_it.c:115:6:MemManage_Handler	4	static
../Core/Src/stm32l4xx_it.c:130:6:BusFault_Handler	4	static
../Core/Src/stm32l4xx_it.c:145:6:UsageFault_Handler	4	static
../Core/Src/stm32l4xx_it.c:160:6:DebugMon_Handler	4	static
../Core/Src/stm32l4xx_it.c:180:6:RTC_WKUP_IRQHandler	8	static
../Core/Src/stm32l4xx_it.c:194:6:DMA1_Channel2_IRQHandler	8	static
../Core/Src/stm32l4xx_it.c:208:6:DMA1_Channel3_IRQHandler	8	static
../Core/Src/stm32l4xx_it.c:222:6:DMA1_Channel4_IRQHandler	8	static
../Core/Src/stm32l4xx_it.c:236:6:USART1_IRQHandler	8	static
../Core/Src/stm32l4xx_it.c:250:6:USART3_IRQHandler	8	static
../Core/Src/stm32l4xx_it.c:264:6:EXTI15_10_IRQHandler	8	static
../Core/Src/stm32l4xx_it.c:278:6:TIM6_DAC_IRQHandler	8	static
../Core/Src/stm32l4xx_it.c:292:6:DMA2_Channel1_IRQHandler	8	static
../Core/Src/stm32l4xx_it.c:306:6:DMA2_Channel3_IRQHandler	8	static
../Core/Src/stm32l4xx_it.c:320:6:DMA2_Channel4_IRQHandler	8	static
../Core/Src/stm32l4xx_it.c:334:6:USB_IRQHandler	8	static
../Core/Src/stm32l4xx_it.c:348:6:DMA2_Channel6_IRQHandler	8	static
../Core/Src/stm32l4xx_it.c:362:6:DMA2_Channel7_IRQHandler	8	static
../Core/Src/stm32l4xx_it.c:376:6:LPUART1_IRQHandler	8	static
../Core/Src/stm32l4xx_it.c:390:6:SAI1_IRQHandler	8	static
../Core/Src/stm32l4xx_it.c:402:6:RTC_Alarm_IRQHandler	8	static
