../Drivers/STM32L4xx_HAL_Driver/Src/stm32l4xx_hal_pcd_ex.c:308:20:HAL_PCDEx_PMAConfig	8	static
../Drivers/STM32L4xx_HAL_Driver/Src/stm32l4xx_hal_pcd_ex.c:350:19:HAL_PCDEx_ActivateBCD	0	static
../Drivers/STM32L4xx_HAL_Driver/Src/stm32l4xx_hal_pcd_ex.c:371:19:HAL_PCDEx_DeActivateBCD	0	static
../Drivers/STM32L4xx_HAL_Driver/Src/stm32l4xx_hal_pcd_ex.c:478:19:HAL_PCDEx_ActivateLPM	0	static
../Drivers/STM32L4xx_HAL_Driver/Src/stm32l4xx_hal_pcd_ex.c:496:19:HAL_PCDEx_DeActivateLPM	0	static
../Drivers/STM32L4xx_HAL_Driver/Src/stm32l4xx_hal_pcd_ex.c:515:13:HAL_PCDEx_LPM_Callback	0	static
../Drivers/STM32L4xx_HAL_Driver/Src/stm32l4xx_hal_pcd_ex.c:532:13:HAL_PCDEx_BCD_Callback	0	static
../Drivers/STM32L4xx_HAL_Driver/Src/stm32l4xx_hal_pcd_ex.c:387:6:HAL_PCDEx_BCD_VBUSDetect	16	static
